<p><span class="wikilink"><a href="/xwiki/bin/view/Space/ExistingPage">Space.ExistingPage</a></span><br/><a class="wikicreatelink" href="/xwiki/bin/view/Space/ExistingPage"><span class="wikicreatelinktext">label</span><span class="wikicreatelinkqm">?</span></a><br/><span class="wikiexternallink"><a href="http://xwiki.org">label</a></span><br/><span class="wikiexternallink"><a href="mailto:john@doe.com">mailto:john@doe.com</a></span></p>