beginDocument
beginParagraph
onLink: [Reference = [Space.ExistingPage]]
onLineBreak
onLink: [Reference = [Space.ExistingPage] QueryString = [param=value] Anchor = [anchor]]
onLineBreak
onLink: [Label = [label] Reference = [Space.UnknownPage]]
onLineBreak
onLink: [Label = [label] Reference = [http://xwiki.org]]
onLineBreak
onLink: [Reference = [mailto:john@doe.com]]
onLineBreak
onLink: [Reference = [{macro}]]
endParagraph
endDocument
