beginDocument
beginList: [NUMBERED]
beginListItem
onWord: [Item]
onSpace
onWord: [1]
beginList: [NUMBERED]
beginListItem
onWord: [Item]
onSpace
onWord: [2]
beginList: [BULLETED]
beginListItem
onWord: [Item]
onSpace
onWord: [3]
endListItem
endList: [BULLETED]
endListItem
beginListItem
onWord: [Item]
onSpace
onWord: [4]
endListItem
endList: [NUMBERED]
endListItem
beginListItem
onWord: [Item]
onSpace
onWord: [5]
endListItem
endList: [NUMBERED]
beginList: [BULLETED]
beginListItem
onWord: [Item]
onSpace
onWord: [1]
beginList: [BULLETED]
beginListItem
onWord: [Item]
onSpace
onWord: [2]
beginList: [BULLETED]
beginListItem
onWord: [Item]
onSpace
onWord: [3]
endListItem
endList: [BULLETED]
endListItem
beginListItem
onWord: [Item]
onSpace
onWord: [4]
endListItem
endList: [BULLETED]
endListItem
beginListItem
onWord: [Item]
onSpace
onWord: [5]
endListItem
beginListItem
onWord: [Item]
onSpace
onWord: [6]
endListItem
endList: [BULLETED]
endDocument
