<h1 id="HTitlelevel1"><span>Title level 1</span></h1><h2 id="HTitlelevel2"><span>Title level 2</span></h2><h3 id="HTitlelevel3"><span>Title level 3</span></h3><h4 id="HTitlelevel4"><span>Title level 4</span></h4><h5 id="HTitlelevel5"><span>Title level 5</span></h5><h6 id="HTitlelevel6"><span>Title level 6</span></h6><h6 id="HTitlelevel6-1"><span>Title level 6</span></h6><h6 id="H1Titlelevel7"><span>.1 Title level 7</span></h6>